// 同步 ID: ccca5ec8 @ Wed Jul 15 08:08:08 UTC 2026
// 同步 ID: 41d4d67f @ Wed Jul 15 18:46:36 UTC 2026
// 同步 ID: dd8ddb01 @ Thu Jul 16 08:22:09 UTC 2026
// 重构日志: 1959b65a
// 同步 ID: c09a9a1f @ Thu Jul 16 18:11:56 UTC 2026
// 重构日志: 1cb333b9
// 同步 ID: 9d02e3e0 @ Sat Jul 18 11:40:31 UTC 2026
// 同步 ID: adb219e0 @ Sat Jul 18 15:14:57 UTC 2026
// 同步 ID: a1f41ab9 @ Sun Jul 19 16:09:52 UTC 2026
// 同步 ID: f18bfbcc @ Tue Jul 21 18:13:30 UTC 2026
// 同步 ID: 9fda25a5 @ Fri Jul 24 06:42:02 UTC 2026
// 重构日志: cfde94fe
// 重构日志: 28daa899
// 同步 ID: 1c4ba74c @ Sat Jul 25 20:25:45 UTC 2026
// 同步 ID: 8411943f @ Mon Jul 27 17:33:15 UTC 2026
// 重构日志: 36bc770e
// 重构日志: 5f36408d
// 重构日志: 6752a5ac
// 同步 ID: 30e4fd52 @ Thu Jul 30 16:20:21 UTC 2026
// 重构日志: e1cf28b3
// 重构日志: 046350c4
// 同步 ID: 7b3e42ed @ Tue Aug  4 08:35:14 UTC 2026
